127.0.0.1 - - [26/Sep/2023:14:37:17 +0900] "GET / HTTP/1.1" 404 807
127.0.0.1 - - [26/Sep/2023:14:37:48 +0900] "GET / HTTP/1.1" 404 807
127.0.0.1 - - [26/Sep/2023:14:46:08 +0900] "GET / HTTP/1.1" 404 807
0:0:0:0:0:0:0:1 - - [26/Sep/2023:14:46:26 +0900] "GET /pro05/first HTTP/1.1" 200 -
0:0:0:0:0:0:0:1 - - [26/Sep/2023:14:46:30 +0900] "GET /pro05/first HTTP/1.1" 200 -
0:0:0:0:0:0:0:1 - - [26/Sep/2023:14:46:30 +0900] "GET /pro05/first HTTP/1.1" 200 -
127.0.0.1 - - [26/Sep/2023:14:55:55 +0900] "GET / HTTP/1.1" 404 807
0:0:0:0:0:0:0:1 - - [26/Sep/2023:14:55:59 +0900] "GET /pro05/first HTTP/1.1" 200 -
0:0:0:0:0:0:0:1 - - [26/Sep/2023:14:56:00 +0900] "GET /pro05/first HTTP/1.1" 200 -
0:0:0:0:0:0:0:1 - - [26/Sep/2023:14:56:00 +0900] "GET /pro05/first HTTP/1.1" 200 -
0:0:0:0:0:0:0:1 - - [26/Sep/2023:14:56:00 +0900] "GET /pro05/first HTTP/1.1" 200 -
0:0:0:0:0:0:0:1 - - [26/Sep/2023:14:56:00 +0900] "GET /pro05/first HTTP/1.1" 200 -
0:0:0:0:0:0:0:1 - - [26/Sep/2023:14:56:01 +0900] "GET /pro05/first HTTP/1.1" 200 -
0:0:0:0:0:0:0:1 - - [26/Sep/2023:14:56:01 +0900] "GET /pro05/first HTTP/1.1" 200 -
0:0:0:0:0:0:0:1 - - [26/Sep/2023:14:56:02 +0900] "GET /pro05/first HTTP/1.1" 200 -
0:0:0:0:0:0:0:1 - - [26/Sep/2023:14:56:03 +0900] "GET /pro05/first HTTP/1.1" 200 -
0:0:0:0:0:0:0:1 - - [26/Sep/2023:14:56:03 +0900] "GET /pro05/first HTTP/1.1" 200 -
0:0:0:0:0:0:0:1 - - [26/Sep/2023:14:56:14 +0900] "GET /pro05/first HTTP/1.1" 200 -
0:0:0:0:0:0:0:1 - - [26/Sep/2023:14:56:15 +0900] "GET /pro05/first HTTP/1.1" 200 -
0:0:0:0:0:0:0:1 - - [26/Sep/2023:14:56:16 +0900] "GET /pro05/first HTTP/1.1" 200 -
0:0:0:0:0:0:0:1 - - [26/Sep/2023:14:56:16 +0900] "GET /pro05/first HTTP/1.1" 200 -
0:0:0:0:0:0:0:1 - - [26/Sep/2023:14:56:17 +0900] "GET /pro05/first HTTP/1.1" 200 -
0:0:0:0:0:0:0:1 - - [26/Sep/2023:14:56:18 +0900] "GET /pro05/first HTTP/1.1" 200 -
0:0:0:0:0:0:0:1 - - [26/Sep/2023:14:56:24 +0900] "GET /pro05/first HTTP/1.1" 200 -
0:0:0:0:0:0:0:1 - - [26/Sep/2023:14:56:25 +0900] "GET /pro05/first HTTP/1.1" 200 -
127.0.0.1 - - [26/Sep/2023:14:56:43 +0900] "GET / HTTP/1.1" 404 807
0:0:0:0:0:0:0:1 - - [26/Sep/2023:14:56:45 +0900] "GET /pro05/first HTTP/1.1" 404 822
0:0:0:0:0:0:0:1 - - [26/Sep/2023:14:56:46 +0900] "GET /pro05/first HTTP/1.1" 404 822
127.0.0.1 - - [26/Sep/2023:14:57:05 +0900] "GET / HTTP/1.1" 404 807
0:0:0:0:0:0:0:1 - - [26/Sep/2023:14:57:07 +0900] "GET /pro05/first HTTP/1.1" 200 -
0:0:0:0:0:0:0:1 - - [26/Sep/2023:14:57:08 +0900] "GET /pro05/first HTTP/1.1" 200 -
0:0:0:0:0:0:0:1 - - [26/Sep/2023:14:57:09 +0900] "GET /pro05/first HTTP/1.1" 200 -
0:0:0:0:0:0:0:1 - - [26/Sep/2023:14:57:09 +0900] "GET /pro05/first HTTP/1.1" 200 -
0:0:0:0:0:0:0:1 - - [26/Sep/2023:14:57:09 +0900] "GET /pro05/first HTTP/1.1" 200 -
127.0.0.1 - - [26/Sep/2023:15:06:51 +0900] "GET / HTTP/1.1" 404 807
0:0:0:0:0:0:0:1 - - [26/Sep/2023:15:06:55 +0900] "GET /pro05/first HTTP/1.1" 200 -
0:0:0:0:0:0:0:1 - - [26/Sep/2023:15:06:56 +0900] "GET /pro05/first HTTP/1.1" 200 -
0:0:0:0:0:0:0:1 - - [26/Sep/2023:15:06:57 +0900] "GET /pro05/first HTTP/1.1" 200 -
0:0:0:0:0:0:0:1 - - [26/Sep/2023:15:06:59 +0900] "GET /pro05/second HTTP/1.1" 200 -
0:0:0:0:0:0:0:1 - - [26/Sep/2023:15:07:00 +0900] "GET /pro05/second HTTP/1.1" 200 -
0:0:0:0:0:0:0:1 - - [26/Sep/2023:15:07:00 +0900] "GET /pro05/second HTTP/1.1" 200 -
0:0:0:0:0:0:0:1 - - [26/Sep/2023:15:07:00 +0900] "GET /pro05/second HTTP/1.1" 200 -
0:0:0:0:0:0:0:1 - - [26/Sep/2023:15:07:01 +0900] "GET /pro05/second HTTP/1.1" 200 -
0:0:0:0:0:0:0:1 - - [26/Sep/2023:15:07:02 +0900] "GET /pro05/first HTTP/1.1" 200 -
127.0.0.1 - - [26/Sep/2023:17:15:18 +0900] "GET / HTTP/1.1" 404 807
0:0:0:0:0:0:0:1 - - [26/Sep/2023:17:15:34 +0900] "GET /pro06/login.html HTTP/1.1" 200 238
127.0.0.1 - - [26/Sep/2023:17:17:36 +0900] "GET / HTTP/1.1" 404 807
0:0:0:0:0:0:0:1 - - [26/Sep/2023:17:17:37 +0900] "GET /pro06/login.html HTTP/1.1" 200 280
0:0:0:0:0:0:0:1 - - [26/Sep/2023:17:17:44 +0900] "GET /pro06/login.html? HTTP/1.1" 200 280
0:0:0:0:0:0:0:1 - - [26/Sep/2023:17:18:06 +0900] "GET /pro06/login.html HTTP/1.1" 304 -
0:0:0:0:0:0:0:1 - - [26/Sep/2023:17:18:09 +0900] "GET /pro06/login.html? HTTP/1.1" 304 -
0:0:0:0:0:0:0:1 - - [26/Sep/2023:17:18:36 +0900] "GET /pro06/login.html? HTTP/1.1" 200 318
0:0:0:0:0:0:0:1 - - [26/Sep/2023:17:18:56 +0900] "GET /pro06/login.html? HTTP/1.1" 200 324
127.0.0.1 - - [26/Sep/2023:17:24:03 +0900] "GET / HTTP/1.1" 404 807
0:0:0:0:0:0:0:1 - - [26/Sep/2023:17:24:17 +0900] "GET /pro06/login.html? HTTP/1.1" 200 347
0:0:0:0:0:0:0:1 - - [26/Sep/2023:17:25:00 +0900] "GET /pro06/login.html? HTTP/1.1" 200 352
127.0.0.1 - - [26/Sep/2023:17:25:09 +0900] "GET / HTTP/1.1" 404 807
0:0:0:0:0:0:0:1 - - [26/Sep/2023:17:25:11 +0900] "GET /pro06/login.html? HTTP/1.1" 304 -
0:0:0:0:0:0:0:1 - - [26/Sep/2023:17:25:13 +0900] "GET /pro06/login? HTTP/1.1" 200 -
0:0:0:0:0:0:0:1 - - [26/Sep/2023:17:26:14 +0900] "GET /pro06/login? HTTP/1.1" 404 822
127.0.0.1 - - [26/Sep/2023:17:26:14 +0900] "GET / HTTP/1.1" 404 807
0:0:0:0:0:0:0:1 - - [26/Sep/2023:17:26:15 +0900] "GET /pro06/login? HTTP/1.1" 404 822
0:0:0:0:0:0:0:1 - - [26/Sep/2023:17:26:16 +0900] "GET /pro06/login? HTTP/1.1" 404 822
0:0:0:0:0:0:0:1 - - [26/Sep/2023:17:26:25 +0900] "GET /pro06/login? HTTP/1.1" 404 822
0:0:0:0:0:0:0:1 - - [26/Sep/2023:17:26:25 +0900] "GET /pro06/login? HTTP/1.1" 404 822
127.0.0.1 - - [26/Sep/2023:17:26:34 +0900] "GET / HTTP/1.1" 404 807
0:0:0:0:0:0:0:1 - - [26/Sep/2023:17:26:36 +0900] "GET /pro06/login? HTTP/1.1" 200 -
0:0:0:0:0:0:0:1 - - [26/Sep/2023:17:26:36 +0900] "GET /pro06/login? HTTP/1.1" 200 -
0:0:0:0:0:0:0:1 - - [26/Sep/2023:17:26:37 +0900] "GET /pro06/login? HTTP/1.1" 200 -
0:0:0:0:0:0:0:1 - - [26/Sep/2023:17:26:39 +0900] "GET /pro06/login? HTTP/1.1" 200 -
0:0:0:0:0:0:0:1 - - [26/Sep/2023:17:26:40 +0900] "GET /pro06/login? HTTP/1.1" 200 -
0:0:0:0:0:0:0:1 - - [26/Sep/2023:17:26:42 +0900] "GET /pro06/login? HTTP/1.1" 200 -
0:0:0:0:0:0:0:1 - - [26/Sep/2023:17:26:49 +0900] "GET /pro06/login HTTP/1.1" 200 -
0:0:0:0:0:0:0:1 - - [26/Sep/2023:17:27:47 +0900] "GET /pro06/login.html HTTP/1.1" 200 382
127.0.0.1 - - [26/Sep/2023:17:27:47 +0900] "GET / HTTP/1.1" 404 807
127.0.0.1 - - [26/Sep/2023:17:29:34 +0900] "GET / HTTP/1.1" 404 807
127.0.0.1 - - [26/Sep/2023:17:29:37 +0900] "GET /pro06/login.html HTTP/1.1" 304 -
0:0:0:0:0:0:0:1 - - [26/Sep/2023:17:30:34 +0900] "GET /pro06/login.html HTTP/1.1" 200 382
127.0.0.1 - - [26/Sep/2023:17:30:35 +0900] "GET / HTTP/1.1" 404 807
0:0:0:0:0:0:0:1 - - [26/Sep/2023:17:30:42 +0900] "GET /pro06/login?user_id=ddd&user_pw=ddd HTTP/1.1" 200 -
0:0:0:0:0:0:0:1 - - [26/Sep/2023:17:31:18 +0900] "GET /pro06/login?user_id=ddd&user_pw=ddd HTTP/1.1" 200 -
0:0:0:0:0:0:0:1 - - [26/Sep/2023:17:31:20 +0900] "GET /pro06/login?user_id=ddd&user_pw=ddd HTTP/1.1" 200 -
0:0:0:0:0:0:0:1 - - [26/Sep/2023:17:31:20 +0900] "GET /pro06/login?user_id=ddd&user_pw=ddd HTTP/1.1" 200 -
0:0:0:0:0:0:0:1 - - [26/Sep/2023:17:31:20 +0900] "GET /pro06/login?user_id=ddd&user_pw=ddd HTTP/1.1" 200 -
0:0:0:0:0:0:0:1 - - [26/Sep/2023:17:31:20 +0900] "GET /pro06/login?user_id=ddd&user_pw=ddd HTTP/1.1" 200 -
0:0:0:0:0:0:0:1 - - [26/Sep/2023:17:31:20 +0900] "GET /pro06/login?user_id=ddd&user_pw=ddd HTTP/1.1" 200 -
0:0:0:0:0:0:0:1 - - [26/Sep/2023:17:31:21 +0900] "GET /pro06/login?user_id=ddd&user_pw=ddd HTTP/1.1" 200 -
0:0:0:0:0:0:0:1 - - [26/Sep/2023:17:31:21 +0900] "GET /pro06/login?user_id=ddd&user_pw=ddd HTTP/1.1" 200 -
0:0:0:0:0:0:0:1 - - [26/Sep/2023:17:31:21 +0900] "GET /pro06/login?user_id=ddd&user_pw=ddd HTTP/1.1" 200 -
0:0:0:0:0:0:0:1 - - [26/Sep/2023:17:31:21 +0900] "GET /pro06/login?user_id=ddd&user_pw=ddd HTTP/1.1" 200 -
0:0:0:0:0:0:0:1 - - [26/Sep/2023:17:31:21 +0900] "GET /pro06/login?user_id=ddd&user_pw=ddd HTTP/1.1" 200 -
0:0:0:0:0:0:0:1 - - [26/Sep/2023:17:31:21 +0900] "GET /pro06/login?user_id=ddd&user_pw=ddd HTTP/1.1" 200 -
0:0:0:0:0:0:0:1 - - [26/Sep/2023:17:31:21 +0900] "GET /pro06/login?user_id=ddd&user_pw=ddd HTTP/1.1" 200 -
0:0:0:0:0:0:0:1 - - [26/Sep/2023:17:31:22 +0900] "GET /pro06/login?user_id=ddd&user_pw=ddd HTTP/1.1" 200 -
0:0:0:0:0:0:0:1 - - [26/Sep/2023:17:31:22 +0900] "GET /pro06/login?user_id=ddd&user_pw=ddd HTTP/1.1" 200 -
0:0:0:0:0:0:0:1 - - [26/Sep/2023:17:31:22 +0900] "GET /pro06/login?user_id=ddd&user_pw=ddd HTTP/1.1" 200 -
0:0:0:0:0:0:0:1 - - [26/Sep/2023:17:31:22 +0900] "GET /pro06/login?user_id=ddd&user_pw=ddd HTTP/1.1" 200 -
0:0:0:0:0:0:0:1 - - [26/Sep/2023:17:31:22 +0900] "GET /pro06/login?user_id=ddd&user_pw=ddd HTTP/1.1" 200 -
0:0:0:0:0:0:0:1 - - [26/Sep/2023:17:31:22 +0900] "GET /pro06/login?user_id=ddd&user_pw=ddd HTTP/1.1" 200 -
0:0:0:0:0:0:0:1 - - [26/Sep/2023:17:31:22 +0900] "GET /pro06/login?user_id=ddd&user_pw=ddd HTTP/1.1" 200 -
0:0:0:0:0:0:0:1 - - [26/Sep/2023:17:31:23 +0900] "GET /pro06/login?user_id=ddd&user_pw=ddd HTTP/1.1" 200 -
0:0:0:0:0:0:0:1 - - [26/Sep/2023:17:31:23 +0900] "GET /pro06/login?user_id=ddd&user_pw=ddd HTTP/1.1" 200 -
0:0:0:0:0:0:0:1 - - [26/Sep/2023:17:31:23 +0900] "GET /pro06/login?user_id=ddd&user_pw=ddd HTTP/1.1" 200 -
0:0:0:0:0:0:0:1 - - [26/Sep/2023:17:31:23 +0900] "GET /pro06/login?user_id=ddd&user_pw=ddd HTTP/1.1" 200 -
0:0:0:0:0:0:0:1 - - [26/Sep/2023:17:31:23 +0900] "GET /pro06/login?user_id=ddd&user_pw=ddd HTTP/1.1" 200 -
0:0:0:0:0:0:0:1 - - [26/Sep/2023:17:31:23 +0900] "GET /pro06/login?user_id=ddd&user_pw=ddd HTTP/1.1" 200 -
0:0:0:0:0:0:0:1 - - [26/Sep/2023:17:31:24 +0900] "GET /pro06/login?user_id=ddd&user_pw=ddd HTTP/1.1" 200 -
0:0:0:0:0:0:0:1 - - [26/Sep/2023:17:31:24 +0900] "GET /pro06/login?user_id=ddd&user_pw=ddd HTTP/1.1" 200 -
0:0:0:0:0:0:0:1 - - [26/Sep/2023:17:32:15 +0900] "GET /pro06/login?user_id=ddd&user_pw=ddd HTTP/1.1" 200 -
0:0:0:0:0:0:0:1 - - [26/Sep/2023:17:32:16 +0900] "GET /pro06/login?user_id=ddd&user_pw=ddd HTTP/1.1" 200 -
0:0:0:0:0:0:0:1 - - [26/Sep/2023:17:32:21 +0900] "GET /pro06/login.html HTTP/1.1" 304 -
0:0:0:0:0:0:0:1 - - [26/Sep/2023:17:32:26 +0900] "GET /pro06/login?user_id=aaa&user_pw=aaa HTTP/1.1" 200 -
127.0.0.1 - - [26/Sep/2023:17:38:22 +0900] "GET / HTTP/1.1" 404 807
0:0:0:0:0:0:0:1 - - [26/Sep/2023:17:38:28 +0900] "GET /pro06/login.html HTTP/1.1" 200 390
0:0:0:0:0:0:0:1 - - [26/Sep/2023:17:39:36 +0900] "GET /pro06/login.html HTTP/1.1" 304 -
0:0:0:0:0:0:0:1 - - [26/Sep/2023:17:39:37 +0900] "GET /pro06/login.html HTTP/1.1" 304 -
0:0:0:0:0:0:0:1 - - [26/Sep/2023:17:39:48 +0900] "GET /pro06/login?user_id=ddd&user_pw=1234 HTTP/1.1" 200 41
0:0:0:0:0:0:0:1 - - [26/Sep/2023:17:40:22 +0900] "GET /pro06/login?user_id=ddd&user_pw=1234 HTTP/1.1" 200 42
0:0:0:0:0:0:0:1 - - [26/Sep/2023:17:40:24 +0900] "GET /pro06/login?user_id=ddd&user_pw=1234 HTTP/1.1" 200 42
0:0:0:0:0:0:0:1 - - [26/Sep/2023:17:40:25 +0900] "GET /pro06/login?user_id=ddd&user_pw=1234 HTTP/1.1" 200 42
0:0:0:0:0:0:0:1 - - [26/Sep/2023:17:40:34 +0900] "GET /pro06/login.html HTTP/1.1" 304 -
0:0:0:0:0:0:0:1 - - [26/Sep/2023:17:40:40 +0900] "GET /pro06/login?user_id=ddd&user_pw=1234 HTTP/1.1" 200 42
0:0:0:0:0:0:0:1 - - [26/Sep/2023:17:42:34 +0900] "GET /pro06/login.html HTTP/1.1" 304 -
0:0:0:0:0:0:0:1 - - [26/Sep/2023:17:42:39 +0900] "GET /pro06/login?user_id=aaa&user_pw=1234 HTTP/1.1" 200 62
0:0:0:0:0:0:0:1 - - [26/Sep/2023:17:45:31 +0900] "GET /pro06/login?user_id=%EC%95%88%EB%85%95&user_pw=1234 HTTP/1.1" 200 65
127.0.0.1 - - [26/Sep/2023:17:58:20 +0900] "GET / HTTP/1.1" 404 807
0:0:0:0:0:0:0:1 - - [26/Sep/2023:17:58:23 +0900] "GET /pro06/loginp.html HTTP/1.1" 404 828
0:0:0:0:0:0:0:1 - - [26/Sep/2023:17:58:59 +0900] "GET /pro06/login.html HTTP/1.1" 304 -
127.0.0.1 - - [26/Sep/2023:19:03:27 +0900] "GET / HTTP/1.1" 404 807
0:0:0:0:0:0:0:1 - - [26/Sep/2023:19:03:40 +0900] "GET /pro06/login.html HTTP/1.1" 200 399
0:0:0:0:0:0:0:1 - - [26/Sep/2023:19:04:00 +0900] "GET /pro06_1/login.html HTTP/1.1" 404 829
127.0.0.1 - - [26/Sep/2023:19:04:34 +0900] "GET / HTTP/1.1" 404 807
0:0:0:0:0:0:0:1 - - [26/Sep/2023:19:04:39 +0900] "GET /pro06_1/login.html HTTP/1.1" 200 350
0:0:0:0:0:0:0:1 - - [26/Sep/2023:19:04:49 +0900] "GET /pro06_1/login.html?user_id=ddd&user_password=1234 HTTP/1.1" 200 350
0:0:0:0:0:0:0:1 - - [26/Sep/2023:19:04:51 +0900] "GET /pro06_1/login.html?user_id=&user_password= HTTP/1.1" 200 350
0:0:0:0:0:0:0:1 - - [26/Sep/2023:19:04:59 +0900] "GET /pro06_1/login.html?user_id=&user_password= HTTP/1.1" 304 -
0:0:0:0:0:0:0:1 - - [26/Sep/2023:19:05:53 +0900] "GET /pro06_1/login.html?user_id=&user_password= HTTP/1.1" 200 378
0:0:0:0:0:0:0:1 - - [26/Sep/2023:19:05:53 +0900] "GET /pro06_1/login.html?user_id=&user_password= HTTP/1.1" 304 -
0:0:0:0:0:0:0:1 - - [26/Sep/2023:19:05:58 +0900] "GET /pro06_1/login?user_id=ddd&user_password=1234 HTTP/1.1" 200 19
0:0:0:0:0:0:0:1 - - [26/Sep/2023:19:14:30 +0900] "GET /pro06_1/login.html HTTP/1.1" 200 372
0:0:0:0:0:0:0:1 - - [26/Sep/2023:19:14:39 +0900] "GET /pro06_1/login?user_id=ddd&user_pw=5555 HTTP/1.1" 200 24
0:0:0:0:0:0:0:1 - - [26/Sep/2023:19:14:51 +0900] "GET /pro06_1/login?user_id=aaa&user_pw=5555 HTTP/1.1" 200 24
0:0:0:0:0:0:0:1 - - [26/Sep/2023:19:15:01 +0900] "GET /pro06_1/login?user_id=%EC%95%84%EC%9D%B4%EB%94%94&user_pw=5555 HTTP/1.1" 200 30
0:0:0:0:0:0:0:1 - - [26/Sep/2023:19:17:31 +0900] "GET /pro06_1/login?user_id=%EB%B9%84%EB%B0%80%EB%B2%88%ED%98%B8&user_pw=5555 HTTP/1.1" 200 72
127.0.0.1 - - [26/Sep/2023:19:20:21 +0900] "GET / HTTP/1.1" 404 807
127.0.0.1 - - [26/Sep/2023:19:21:24 +0900] "GET / HTTP/1.1" 404 807
0:0:0:0:0:0:0:1 - - [26/Sep/2023:19:21:41 +0900] "GET /pro06_1/login HTTP/1.1" 200 13
127.0.0.1 - - [26/Sep/2023:19:22:12 +0900] "GET / HTTP/1.1" 404 807
0:0:0:0:0:0:0:1 - - [26/Sep/2023:19:22:13 +0900] "GET /pro06_1/login HTTP/1.1" 200 29
0:0:0:0:0:0:0:1 - - [26/Sep/2023:19:22:36 +0900] "GET /pro06_1/login HTTP/1.1" 200 29
127.0.0.1 - - [26/Sep/2023:19:22:41 +0900] "GET / HTTP/1.1" 404 807
0:0:0:0:0:0:0:1 - - [26/Sep/2023:19:22:43 +0900] "GET /pro06_1/login HTTP/1.1" 200 12
0:0:0:0:0:0:0:1 - - [26/Sep/2023:19:22:44 +0900] "GET /pro06_1/login HTTP/1.1" 200 12
0:0:0:0:0:0:0:1 - - [26/Sep/2023:19:22:45 +0900] "GET /pro06_1/login HTTP/1.1" 200 12
0:0:0:0:0:0:0:1 - - [26/Sep/2023:19:22:46 +0900] "GET /pro06_1/login HTTP/1.1" 200 12
0:0:0:0:0:0:0:1 - - [26/Sep/2023:19:22:46 +0900] "GET /pro06_1/login HTTP/1.1" 200 12
0:0:0:0:0:0:0:1 - - [26/Sep/2023:19:22:46 +0900] "GET /pro06_1/login HTTP/1.1" 200 12
127.0.0.1 - - [26/Sep/2023:19:23:49 +0900] "GET / HTTP/1.1" 404 807
0:0:0:0:0:0:0:1 - - [26/Sep/2023:19:23:51 +0900] "GET /pro06_1/login HTTP/1.1" 200 3
127.0.0.1 - - [26/Sep/2023:19:24:17 +0900] "GET / HTTP/1.1" 404 807
0:0:0:0:0:0:0:1 - - [26/Sep/2023:19:24:20 +0900] "GET /pro06_1/login HTTP/1.1" 200 14
127.0.0.1 - - [26/Sep/2023:19:24:32 +0900] "GET / HTTP/1.1" 404 807
0:0:0:0:0:0:0:1 - - [26/Sep/2023:19:24:35 +0900] "GET /pro06_1/login HTTP/1.1" 200 14
0:0:0:0:0:0:0:1 - - [26/Sep/2023:19:24:35 +0900] "GET /pro06_1/login HTTP/1.1" 200 14
0:0:0:0:0:0:0:1 - - [26/Sep/2023:19:24:36 +0900] "GET /pro06_1/login HTTP/1.1" 200 14
127.0.0.1 - - [26/Sep/2023:19:25:10 +0900] "GET / HTTP/1.1" 404 807
0:0:0:0:0:0:0:1 - - [26/Sep/2023:19:25:15 +0900] "GET /pro06_1/login HTTP/1.1" 200 18
0:0:0:0:0:0:0:1 - - [26/Sep/2023:19:25:16 +0900] "GET /pro06_1/login HTTP/1.1" 200 18
